interactions:
- request:
    body: '{"DiskIds": ["disk-96jhcorq"], "Offset": 0, "Limit": 20}'
    headers:
      Accept:
      - '*/*'
      Accept-Encoding:
      - gzip, deflate
      Connection:
      - keep-alive
      Content-Length:
      - '56'
      Content-Type:
      - application/json
      Host:
      - cbs.ap-singapore.tencentcloudapi.com
      User-Agent:
      - python-requests/2.28.1
      X-TC-Action:
      - DescribeDisks
      X-TC-Region:
      - ap-singapore
      X-TC-Version:
      - '2017-03-12'
    method: POST
    uri: https://cbs.ap-singapore.tencentcloudapi.com/
  response:
    body:
      string: '{"Response": {"TotalCount": 1, "RequestId": "ba749adf-77ca-4ae3-bf7e-8563b41ec263",
        "DiskSet": [{"DeleteWithInstance": true, "RenewFlag": "", "LatestOperationState":
        "", "DiskType": "CLOUD_BSSD", "DiskBackupQuota": 0, "DiskState": "ATTACHED",
        "SnapshotCount": 0, "DiskBackupCount": 0, "AutoRenewFlagError": false, "Rollbacking":
        false, "InstanceIdList": ["ins-a4vgayks"], "Encrypt": false, "Tags": [{"Value":
        "test", "Key": "test"}, {"Value": "Augury", "Key": "JJ-Test"}, {"Value": "this
        is test1", "Key": "test_pro_test122"}, {"Value": "this is test", "Key": "test_pro_2"},
        {"Value": "this is test", "Key": "test_pro_4"}, {"Value": "this is test",
        "Key": "test_pro_1"}, {"Value": "this is test", "Key": "test_pro_3"}, {"Value":
        "this is test", "Key": "test_pro_5"}], "DiskName": "ins-riot-cvmtest_SYSTEM_DISK",
        "BackupDisk": false, "DeleteSnapshot": 0, "InstanceId": "ins-a4vgayks", "DifferDaysOfDeadline":
        null, "ThroughputPerformance": 0, "Migrating": false, "InstanceType": "CVM",
        "DiskId": "disk-96jhcorq", "LastAttachInsId": "ins-a4vgayks", "SnapshotSize":
        0, "Placement": {"CageId": "", "CdcId": "", "Zone": "ap-singapore-4", "ProjectName":
        "Default Project", "ProjectId": 0, "CdcName": "", "DedicatedClusterId": null},
        "IsReturnable": false, "DeadlineTime": "", "Attached": true, "ReturnFailCode":
        10, "DiskSize": 50, "MigratePercent": 0, "DiskUsage": "SYSTEM_DISK", "ErrorPrompt":
        "", "Portable": false, "DiskChargeType": "POSTPAID_BY_HOUR", "SnapshotAbility":
        true, "DeadlineError": false, "LatestOperationRequestId": "", "RollbackPercent":
        0, "AutoSnapshotPolicyIds": null, "LatestOperation": "", "Shareable": false,
        "CreateTime": "2022-08-30 14:24:09"}]}}'
    headers:
      Connection:
      - keep-alive
      Content-Length:
      - '1667'
      Content-Type:
      - application/json
      Date:
      - Wed, 28 Sep 2022 08:32:05 GMT
      Server:
      - nginx
    status:
      code: 200
      message: OK
- request:
    body: '{"DiskIds": ["disk-96jhcorq"], "Offset": 20, "Limit": 20}'
    headers:
      Accept:
      - '*/*'
      Accept-Encoding:
      - gzip, deflate
      Connection:
      - keep-alive
      Content-Length:
      - '57'
      Content-Type:
      - application/json
      Host:
      - cbs.ap-singapore.tencentcloudapi.com
      User-Agent:
      - python-requests/2.28.1
      X-TC-Action:
      - DescribeDisks
      X-TC-Region:
      - ap-singapore
      X-TC-Version:
      - '2017-03-12'
    method: POST
    uri: https://cbs.ap-singapore.tencentcloudapi.com/
  response:
    body:
      string: '{"Response": {"TotalCount": 1, "RequestId": "f2649ca2-5607-491c-ba75-0a2d7925f42a",
        "DiskSet": []}}'
    headers:
      Connection:
      - keep-alive
      Content-Length:
      - '99'
      Content-Type:
      - application/json
      Date:
      - Wed, 28 Sep 2022 08:32:06 GMT
      Server:
      - nginx
    status:
      code: 200
      message: OK
- request:
    body: '{"ResourceList": ["qcs::cbs:ap-singapore:uin/100000750436:instance/disk-96jhcorq"]}'
    headers:
      Accept:
      - '*/*'
      Accept-Encoding:
      - gzip, deflate
      Connection:
      - keep-alive
      Content-Length:
      - '83'
      Content-Type:
      - application/json
      Host:
      - tag.ap-singapore.tencentcloudapi.com
      User-Agent:
      - python-requests/2.28.1
      X-TC-Action:
      - GetResources
      X-TC-Region:
      - ap-singapore
      X-TC-Version:
      - '2018-08-13'
    method: POST
    uri: https://tag.ap-singapore.tencentcloudapi.com/
  response:
    body:
      string: '{"Response":{"PaginationToken":"","ResourceTagMappingList":[{"Resource":"qcs::cbs:ap-singapore:uin\/100000750436:instance\/disk-96jhcorq","Tags":[{"TagKey":"test_pro_24","TagValue":"test_pro_24"},{"TagKey":"test_pro_22","TagValue":"test_pro_22"},{"TagKey":"test_pro_23","TagValue":"test_pro_23"},{"TagKey":"test_pro_21","TagValue":"test_pro_21"},{"TagKey":"test_pro_19","TagValue":"test_pro_19"},{"TagKey":"test_pro_20","TagValue":"test_pro_20"},{"TagKey":"test_pro_test1","TagValue":"this
        is test1"},{"TagKey":"test_pro_18","TagValue":"test_pro_18"},{"TagKey":"test_pro_17","TagValue":"test_pro_17"},{"TagKey":"test_pro_16","TagValue":"test_pro_16"},{"TagKey":"test_pro_15","TagValue":"this
        is test"},{"TagKey":"test_pro_14","TagValue":"this is test"},{"TagKey":"test_pro_13","TagValue":"this
        is test"},{"TagKey":"test_pro_12","TagValue":"this is test"},{"TagKey":"test_pro_11","TagValue":"this
        is test"},{"TagKey":"test_pro_10","TagValue":"this is test"},{"TagKey":"test_pro_9","TagValue":"this
        is test"},{"TagKey":"test_pro_7","TagValue":"this is test"},{"TagKey":"test_pro_6","TagValue":"this
        is test"},{"TagKey":"test_pro_5","TagValue":"this is test"},{"TagKey":"test_pro_4","TagValue":"this
        is test"},{"TagKey":"test_pro_3","TagValue":"this is test"},{"TagKey":"test_pro_2","TagValue":"this
        is test"},{"TagKey":"test_pro_1","TagValue":"this is test"},{"TagKey":"test_pro","TagValue":"this
        is test"},{"TagKey":"test_pro_00122","TagValue":"andyxbchen"},{"TagKey":"test_pro_001_2","TagValue":"andyxbchen"}]}],"RequestId":"80900608-7e11-4199-bc9d-629bad4a512b"}}'
    headers:
      Connection:
      - keep-alive
      Content-Length:
      - '1564'
      Content-Type:
      - application/json
      Date:
      - Wed, 28 Sep 2022 08:32:06 GMT
      Server:
      - nginx
    status:
      code: 200
      message: OK
- request:
    body: '{"ResourceList": ["qcs::cvm:ap-singapore::instance/ins-a4vgayks"]}'
    headers:
      Accept:
      - '*/*'
      Accept-Encoding:
      - gzip, deflate
      Connection:
      - keep-alive
      Content-Length:
      - '66'
      Content-Type:
      - application/json
      Host:
      - tag.ap-singapore.tencentcloudapi.com
      User-Agent:
      - python-requests/2.28.1
      X-TC-Action:
      - GetResources
      X-TC-Region:
      - ap-singapore
      X-TC-Version:
      - '2018-08-13'
    method: POST
    uri: https://tag.ap-singapore.tencentcloudapi.com/
  response:
    body:
      string: '{"Response":{"PaginationToken":"","ResourceTagMappingList":[{"Resource":"qcs::cvm:ap-singapore:uin\/100000750436:instance\/ins-a4vgayks","Tags":[{"TagKey":"test_pro_27","TagValue":"test_pro_27"},{"TagKey":"test_pro_26","TagValue":"test_pro_26"},{"TagKey":"test_pro_25","TagValue":"test_pro_25"},{"TagKey":"test_pro_24","TagValue":"test_pro_24"},{"TagKey":"test_pro_23","TagValue":"test_pro_23"},{"TagKey":"test_pro_22","TagValue":"test_pro_22"},{"TagKey":"test_pro_21","TagValue":"test_pro_21"},{"TagKey":"test_pro_20","TagValue":"test_pro_20"},{"TagKey":"test_pro_19","TagValue":"test_pro_19"},{"TagKey":"tag_add_test_key_for_test_rename","TagValue":"tag_add_test_value_for_test"},{"TagKey":"test_pro_18","TagValue":"test_pro_18"},{"TagKey":"test_pro_17","TagValue":"test_pro_17"},{"TagKey":"test_pro_16","TagValue":"test_pro_16"},{"TagKey":"test_pro_15","TagValue":"this
        is test"},{"TagKey":"test_pro_14","TagValue":"this is test"},{"TagKey":"test_pro_13","TagValue":"this
        is test"},{"TagKey":"test_pro_12","TagValue":"this is test"},{"TagKey":"test_pro_11","TagValue":"this
        is test"},{"TagKey":"test_pro_10","TagValue":"this is test"},{"TagKey":"test_pro_9","TagValue":"this
        is test"},{"TagKey":"test_pro_8","TagValue":"this is test"},{"TagKey":"test_pro_7","TagValue":"this
        is test"},{"TagKey":"test_pro_6","TagValue":"this is test"},{"TagKey":"test_pro_5","TagValue":"this
        is test"},{"TagKey":"test_pro_4","TagValue":"this is test"},{"TagKey":"test_pro_3","TagValue":"this
        is test"},{"TagKey":"test_pro_2","TagValue":"this is test"},{"TagKey":"test_pro_1","TagValue":"this
        is test"},{"TagKey":"test_pro","TagValue":"this is test"},{"TagKey":"test_test-mark-for","TagValue":"Resource
        does not meet policy: tag@2022-09-08T02:46:00+00:00"},{"TagKey":"test_pro_001_2","TagValue":"andyxbchen"},{"TagKey":"test_pro_00122","TagValue":"andyxbchen"},{"TagKey":"\u8fd0\u7ef4\u8d1f\u8d23\u4eba2","TagValue":"andyxbchen"},{"TagKey":"test","TagValue":"test"}]}],"RequestId":"55628d63-34c3-4b83-bfc2-d0b0c65de2b9"}}'
    headers:
      Connection:
      - keep-alive
      Content-Length:
      - '2006'
      Content-Type:
      - application/json
      Date:
      - Wed, 28 Sep 2022 08:32:07 GMT
      Server:
      - nginx
    status:
      code: 200
      message: OK
- request:
    body: '{"Resource": "qcs::cbs:ap-singapore:uin/100000750436:instance/disk-96jhcorq",
      "ReplaceTags": [{"TagKey": "test_pro_26", "TagValue": "test_pro_26"}, {"TagKey":
      "test_pro_25", "TagValue": "test_pro_25"}]}'
    headers:
      Accept:
      - '*/*'
      Accept-Encoding:
      - gzip, deflate
      Connection:
      - keep-alive
      Content-Length:
      - '202'
      Content-Type:
      - application/json
      Host:
      - tag.ap-singapore.tencentcloudapi.com
      User-Agent:
      - python-requests/2.28.1
      X-TC-Action:
      - ModifyResourceTags
      X-TC-Region:
      - ap-singapore
      X-TC-Version:
      - '2018-08-13'
    method: POST
    uri: https://tag.ap-singapore.tencentcloudapi.com/
  response:
    body:
      string: '{"Response":{"RequestId":"d1ea973b-1c1b-4879-8406-9bdc30a0fc37"}}'
    headers:
      Connection:
      - keep-alive
      Content-Length:
      - '65'
      Content-Type:
      - application/json
      Date:
      - Wed, 28 Sep 2022 08:32:08 GMT
      Server:
      - nginx
    status:
      code: 200
      message: OK
- request:
    body: '{"ResourceList": ["qcs::cvm:ap-singapore::instance/ins-a4vgayks"]}'
    headers:
      Accept:
      - '*/*'
      Accept-Encoding:
      - gzip, deflate
      Connection:
      - keep-alive
      Content-Length:
      - '66'
      Content-Type:
      - application/json
      Host:
      - tag.ap-singapore.tencentcloudapi.com
      User-Agent:
      - python-requests/2.28.1
      X-TC-Action:
      - GetResources
      X-TC-Region:
      - ap-singapore
      X-TC-Version:
      - '2018-08-13'
    method: POST
    uri: https://tag.ap-singapore.tencentcloudapi.com/
  response:
    body:
      string: '{"Response":{"PaginationToken":"","ResourceTagMappingList":[{"Resource":"qcs::cvm:ap-singapore:uin\/100000750436:instance\/ins-a4vgayks","Tags":[{"TagKey":"test_pro_27","TagValue":"test_pro_27"},{"TagKey":"test_pro_26","TagValue":"test_pro_26"},{"TagKey":"test_pro_25","TagValue":"test_pro_25"},{"TagKey":"test_pro_24","TagValue":"test_pro_24"},{"TagKey":"test_pro_23","TagValue":"test_pro_23"},{"TagKey":"test_pro_22","TagValue":"test_pro_22"},{"TagKey":"test_pro_21","TagValue":"test_pro_21"},{"TagKey":"test_pro_20","TagValue":"test_pro_20"},{"TagKey":"test_pro_19","TagValue":"test_pro_19"},{"TagKey":"tag_add_test_key_for_test_rename","TagValue":"tag_add_test_value_for_test"},{"TagKey":"test_pro_18","TagValue":"test_pro_18"},{"TagKey":"test_pro_17","TagValue":"test_pro_17"},{"TagKey":"test_pro_16","TagValue":"test_pro_16"},{"TagKey":"test_pro_15","TagValue":"this
        is test"},{"TagKey":"test_pro_14","TagValue":"this is test"},{"TagKey":"test_pro_13","TagValue":"this
        is test"},{"TagKey":"test_pro_12","TagValue":"this is test"},{"TagKey":"test_pro_11","TagValue":"this
        is test"},{"TagKey":"test_pro_10","TagValue":"this is test"},{"TagKey":"test_pro_9","TagValue":"this
        is test"},{"TagKey":"test_pro_8","TagValue":"this is test"},{"TagKey":"test_pro_7","TagValue":"this
        is test"},{"TagKey":"test_pro_6","TagValue":"this is test"},{"TagKey":"test_pro_5","TagValue":"this
        is test"},{"TagKey":"test_pro_4","TagValue":"this is test"},{"TagKey":"test_pro_3","TagValue":"this
        is test"},{"TagKey":"test_pro_2","TagValue":"this is test"},{"TagKey":"test_pro_1","TagValue":"this
        is test"},{"TagKey":"test_pro","TagValue":"this is test"},{"TagKey":"test_test-mark-for","TagValue":"Resource
        does not meet policy: tag@2022-09-08T02:46:00+00:00"},{"TagKey":"test_pro_001_2","TagValue":"andyxbchen"},{"TagKey":"test_pro_00122","TagValue":"andyxbchen"},{"TagKey":"\u8fd0\u7ef4\u8d1f\u8d23\u4eba2","TagValue":"andyxbchen"},{"TagKey":"test","TagValue":"test"}]}],"RequestId":"5623f84e-4513-4276-89de-1669891a65dc"}}'
    headers:
      Connection:
      - keep-alive
      Content-Length:
      - '2006'
      Content-Type:
      - application/json
      Date:
      - Wed, 28 Sep 2022 08:32:08 GMT
      Server:
      - nginx
    status:
      code: 200
      message: OK
- request:
    body: '{"Resource": "qcs::cbs:ap-singapore:uin/100000750436:instance/disk-96jhcorq",
      "ReplaceTags": [{"TagKey": "test_pro_27", "TagValue": "test_pro_27"}]}'
    headers:
      Accept:
      - '*/*'
      Accept-Encoding:
      - gzip, deflate
      Connection:
      - keep-alive
      Content-Length:
      - '148'
      Content-Type:
      - application/json
      Host:
      - tag.ap-singapore.tencentcloudapi.com
      User-Agent:
      - python-requests/2.28.1
      X-TC-Action:
      - ModifyResourceTags
      X-TC-Region:
      - ap-singapore
      X-TC-Version:
      - '2018-08-13'
    method: POST
    uri: https://tag.ap-singapore.tencentcloudapi.com/
  response:
    body:
      string: '{"Response":{"RequestId":"c7cf23ed-0650-4ff7-86cd-b4d2666a44ac"}}'
    headers:
      Connection:
      - keep-alive
      Content-Length:
      - '65'
      Content-Type:
      - application/json
      Date:
      - Wed, 28 Sep 2022 08:32:09 GMT
      Server:
      - nginx
    status:
      code: 200
      message: OK
- request:
    body: '{"ResourceList": ["qcs::cbs:ap-singapore:uin/100000750436:instance/disk-96jhcorq"]}'
    headers:
      Accept:
      - '*/*'
      Accept-Encoding:
      - gzip, deflate
      Connection:
      - keep-alive
      Content-Length:
      - '83'
      Content-Type:
      - application/json
      Host:
      - tag.ap-singapore.tencentcloudapi.com
      User-Agent:
      - python-requests/2.28.1
      X-TC-Action:
      - GetResources
      X-TC-Region:
      - ap-singapore
      X-TC-Version:
      - '2018-08-13'
    method: POST
    uri: https://tag.ap-singapore.tencentcloudapi.com/
  response:
    body:
      string: '{"Response":{"PaginationToken":"","ResourceTagMappingList":[{"Resource":"qcs::cbs:ap-singapore:uin\/100000750436:instance\/disk-96jhcorq","Tags":[{"TagKey":"test_pro_27","TagValue":"test_pro_27"},{"TagKey":"test_pro_25","TagValue":"test_pro_25"},{"TagKey":"test_pro_26","TagValue":"test_pro_26"},{"TagKey":"test_pro_24","TagValue":"test_pro_24"},{"TagKey":"test_pro_22","TagValue":"test_pro_22"},{"TagKey":"test_pro_23","TagValue":"test_pro_23"},{"TagKey":"test_pro_21","TagValue":"test_pro_21"},{"TagKey":"test_pro_19","TagValue":"test_pro_19"},{"TagKey":"test_pro_20","TagValue":"test_pro_20"},{"TagKey":"test_pro_test1","TagValue":"this
        is test1"},{"TagKey":"test_pro_18","TagValue":"test_pro_18"},{"TagKey":"test_pro_17","TagValue":"test_pro_17"},{"TagKey":"test_pro_16","TagValue":"test_pro_16"},{"TagKey":"test_pro_15","TagValue":"this
        is test"},{"TagKey":"test_pro_14","TagValue":"this is test"},{"TagKey":"test_pro_13","TagValue":"this
        is test"},{"TagKey":"test_pro_12","TagValue":"this is test"},{"TagKey":"test_pro_11","TagValue":"this
        is test"},{"TagKey":"test_pro_10","TagValue":"this is test"},{"TagKey":"test_pro_9","TagValue":"this
        is test"},{"TagKey":"test_pro_7","TagValue":"this is test"},{"TagKey":"test_pro_6","TagValue":"this
        is test"},{"TagKey":"test_pro_5","TagValue":"this is test"},{"TagKey":"test_pro_4","TagValue":"this
        is test"},{"TagKey":"test_pro_3","TagValue":"this is test"},{"TagKey":"test_pro_2","TagValue":"this
        is test"},{"TagKey":"test_pro_1","TagValue":"this is test"},{"TagKey":"test_pro","TagValue":"this
        is test"},{"TagKey":"test_pro_00122","TagValue":"andyxbchen"},{"TagKey":"test_pro_001_2","TagValue":"andyxbchen"}]}],"RequestId":"8c23f1a4-573b-4f5f-a230-21b5ed981593"}}'
    headers:
      Connection:
      - keep-alive
      Content-Length:
      - '1714'
      Content-Type:
      - application/json
      Date:
      - Wed, 28 Sep 2022 08:32:19 GMT
      Server:
      - nginx
    status:
      code: 200
      message: OK
version: 1
