interactions:
- request:
    body: null
    headers: {}
    method: GET
    uri: https://identity.us-ashburn-1.oci.oraclecloud.com/20160918/users/ocid1.user.oc1..<unique_ID>
  response:
    body:
      data:
        compartmentId: ocid1.tenancy.oc1..<unique_ID>
        id: ocid1.user.oc1..<unique_ID>
        name: user@example.com
    headers:
      cache-control:
      - no-cache, no-store, must-revalidate
      content-length:
      - '990'
      content-type:
      - application/json
    status:
      code: 200
      message: OK
- request:
    body: null
    headers: {}
    method: GET
    uri: https://dns.us-ashburn-1.oci.oraclecloud.com/20180115/zones?compartmentId=ocid1.compartment.oc1..<unique_ID>&scope=PRIVATE
  response:
    body:
      data:
      - compartmentId: ocid1.compartment.oc1..<unique_ID>
        freeformTags:
          Project: CNCF
        id: ocid1.dns-zone.oc1..<unique_ID>
        lifecycleState: ACTIVE
        name: testzone.com
        scope: PRIVATE
        zoneType: PRIMARY
    headers:
      content-type:
      - application/json
    status:
      code: 200
      message: OK
- request:
    body: mock_body
    headers: {}
    method: PUT
    uri: https://dns.us-ashburn-1.oci.oraclecloud.com/20180115/zones/ocid1.dns-zone.oc1..<unique_ID>
  response:
    body:
      data:
        compartmentId: ocid1.compartment.oc1..<unique_ID>
        definedTags:
          Oracle-Tags:
            CreatedBy: user@example.com
            CreatedOn: '2023-06-09T11:10:11.423Z'
          cloud-custodian-test:
            mark-for-resize: 'false'
        freeformTags:
          Environment: Development
          Project: CNCF
        id: ocid1.dns-zone.oc1..<unique_ID>
        lifecycleState: ACTIVE
        name: testzone.com
    headers:
      content-type:
      - application/json
    status:
      code: 200
      message: OK
- request:
    body: null
    headers: {}
    method: GET
    uri: https://dns.us-ashburn-1.oci.oraclecloud.com/20180115/zones/ocid1.dns-zone.oc1..<unique_ID>
  response:
    body:
      data:
        compartmentId: ocid1.compartment.oc1..<unique_ID>
        definedTags:
          Oracle-Tags:
            CreatedBy: user@example.com
            CreatedOn: '2023-06-09T11:10:11.423Z'
          cloud-custodian-test:
            mark-for-resize: 'false'
        freeformTags:
          Environment: Development
          Project: CNCF
        id: ocid1.dns-zone.oc1..<unique_ID>
        lifecycleState: ACTIVE
        name: testzone.com
    headers:
      content-type:
      - application/json
    status:
      code: 200
      message: OK
version: 1
