interactions:
- request:
    body: null
    headers: {}
    method: GET
    uri: https://www-proxy.us.oracle.com:80/20160918/users/ocid1.user.oc1..<unique_ID>
  response:
    body:
      data:
        id: ocid1.user.oc1..<unique_ID>
        name: user@example.com
    headers:
      content-type:
      - application/json
    status:
      code: 200
      message: OK
- request:
    body: null
    headers: {}
    method: GET
    uri: https://www-proxy.us.oracle.com:80/20160918/vcns?compartmentId=ocid1.compartment.oc1..<unique_ID>
  response:
    body:
      data:
      - cidrBlock: 10.1.0.0/16
        cidrBlocks:
        - 10.1.0.0/16
        compartmentId: ocid1.compartment.oc1..<unique_ID>
        defaultDhcpOptionsId: ocid1.dhcpoptions.oc1..<unique_ID>
        defaultRouteTableId: ocid1.routetable.oc1..<unique_ID>
        defaultSecurityListId: ocid1.securitylist.oc1..<unique_ID>
        definedTags:
          Oracle-Tags:
            CreatedBy: user@example.com
            CreatedOn: '2023-07-14T06:35:23.319Z'
        displayName: TestVcn
        dnsLabel: testvcn
        freeformTags:
          Project: CNCF
        id: ocid1.vcn.oc1..<unique_ID>
        lifecycleState: AVAILABLE
        timeCreated: '2023-07-14T06:35:23.803Z'
        vcnDomainName: testvcn.oraclevcn.com
    headers:
      content-type:
      - application/json
    status:
      code: 200
      message: OK
- request:
    body: mock_body
    headers: {}
    method: PUT
    uri: https://www-proxy.us.oracle.com:80/20160918/vcns/ocid1.vcn.oc1..<unique_ID>
  response:
    body:
      data:
        cidrBlock: 10.1.0.0/16
        cidrBlocks:
        - 10.1.0.0/16
        compartmentId: ocid1.compartment.oc1..<unique_ID>
        defaultDhcpOptionsId: ocid1.dhcpoptions.oc1..<unique_ID>
        defaultRouteTableId: ocid1.routetable.oc1..<unique_ID>
        defaultSecurityListId: ocid1.securitylist.oc1..<unique_ID>
        definedTags:
          Oracle-Tags:
            CreatedBy: user@example.com
            CreatedOn: '2023-07-14T06:35:23.319Z'
        displayName: TestVcn
        dnsLabel: testvcn
        freeformTags:
          Environment: Development
          Project: CNCF
        id: ocid1.vcn.oc1..<unique_ID>
        lifecycleState: AVAILABLE
        timeCreated: '2023-07-14T06:35:23.803Z'
        vcnDomainName: testvcn.oraclevcn.com
    headers:
      content-type:
      - application/json
    status:
      code: 200
      message: OK
- request:
    body: null
    headers: {}
    method: GET
    uri: https://www-proxy.us.oracle.com:80/20160918/vcns/ocid1.vcn.oc1..<unique_ID>
  response:
    body:
      data:
        cidrBlock: 10.1.0.0/16
        cidrBlocks:
        - 10.1.0.0/16
        compartmentId: ocid1.compartment.oc1..<unique_ID>
        defaultDhcpOptionsId: ocid1.dhcpoptions.oc1..<unique_ID>
        defaultRouteTableId: ocid1.routetable.oc1..<unique_ID>
        defaultSecurityListId: ocid1.securitylist.oc1..<unique_ID>
        definedTags:
          Oracle-Tags:
            CreatedBy: user@example.com
            CreatedOn: '2023-07-14T06:35:23.319Z'
        displayName: TestVcn
        dnsLabel: testvcn
        freeformTags:
          Environment: Development
          Project: CNCF
        id: ocid1.vcn.oc1..<unique_ID>
        lifecycleState: AVAILABLE
        timeCreated: '2023-07-14T06:35:23.803Z'
        vcnDomainName: testvcn.oraclevcn.com
    headers:
      content-type:
      - application/json
    status:
      code: 200
      message: OK
version: 1
