interactions:
- request:
    body: null
    headers: {}
    method: GET
    uri: https://www-proxy.us.oracle.com:80/20160918/users/ocid1.user.oc1..<unique_ID>
  response:
    body:
      data:
        code: InternalError
        message: Bad Gateway
    headers:
      content-length:
      - '59'
      content-type:
      - application/json
      date:
      - Fri, 14 Jul 2023 06:03:52 GMT
      x-content-type-options:
      - nosniff
    status:
      code: 502
      message: Bad Gateway
- request:
    body: null
    headers: {}
    method: GET
    uri: https://www-proxy.us.oracle.com:80/20160918/users/ocid1.user.oc1..<unique_ID>
  response:
    body:
      data:
        capabilities:
          canUseApiKeys: true
          canUseAuthTokens: true
          canUseConsolePassword: false
          canUseCustomerSecretKeys: true
          canUseDbCredentials: true
          canUseOAuth2ClientCredentials: true
          canUseSmtpCredentials: true
        compartmentId: ocid1.tenancy.oc1..<unique_ID>
        dbUserName: user@example.com
        definedTags:
          Oracle-Tags:
            CreatedBy: Some
          OracleInternalReserved:
            Phonebook: '9800'
        description: user@example.com
        emailVerified: true
        externalIdentifier: c5571b54909a443685e610af14bcf73b
        freeformTags:
          Contractor: 'True'
          TagName: TagValue
          key_old: 'true'
          mfa_activated: 'false'
        id: ocid1.user.oc1..<unique_ID>
        identityProviderId: ocid1.saml2idp.oc1..<unique_ID>
        isMfaActivated: false
        lifecycleState: ACTIVE
        name: user@example.com
        timeCreated: '2022-07-15T08:25:13.055Z'
        timeModified: '2023-06-21T09:20:37.521Z'
    headers:
      cache-control:
      - no-cache, no-store, must-revalidate
      content-length:
      - '1090'
      content-type:
      - application/json
      date:
      - Fri, 14 Jul 2023 06:04:46 GMT
      etag:
      - 31ff068d7314192e8d5de6e0397f28186f61005e
      pragma:
      - no-cache
      x-content-type-options:
      - nosniff
    status:
      code: 200
      message: OK
- request:
    body: mock_body
    headers: {}
    method: POST
    uri: https://www-proxy.us.oracle.com:80/20180409/resources
  response:
    body:
      data:
        items:
        - additionalDetails: {}
          availabilityDomain: ''
          compartmentId: ocid1.compartment.oc1..<unique_ID>
          definedTags:
            Oracle-Tags:
              CreatedBy: user@example.com
              CreatedOn: '2023-07-14T06:03:27.692Z'
            cloud-custodian-test:
              mark-for-resize: 'true'
          displayName: test_bucket
          freeformTags:
            Project: CNCF
          identifier: ocid1.bucket.oc1..<unique_ID>
          identityContext: {}
          lifecycleState: active
          resourceType: Bucket
          searchContext: null
          systemTags: {}
          timeCreated: '2023-07-14T06:03:27.721Z'
        - additionalDetails: {}
          availabilityDomain: ''
          compartmentId: ocid1.compartment.oc1..<unique_ID>
          definedTags:
            Oracle-Tags:
              CreatedBy: user@example.com
              CreatedOn: '2023-06-06T04:47:34.922Z'
            cloud-custodian-test:
              mark-for-resize: 'true'
            cloud_custodian:
              environment: dev
          displayName: Test2
          freeformTags:
            natural: 'false'
            project: PSM
            vv_limit: trial
          identifier: ocid1.bucket.oc1..<unique_ID>
          identityContext: {}
          lifecycleState: active
          resourceType: Bucket
          searchContext: null
          systemTags: {}
          timeCreated: '2023-06-06T04:47:34.936Z'
        - additionalDetails: {}
          availabilityDomain: ''
          compartmentId: ocid1.compartment.oc1..<unique_ID>
          definedTags:
            Oracle-Tags:
              CreatedBy: user@example.com
              CreatedOn: '2023-06-06T04:47:26.556Z'
            cloud-custodian-test:
              mark-for-resize: 'true'
          displayName: Test1
          freeformTags:
            cloud_custodian: 'true'
            custodian_development: 'true'
            multi_account: 'true'
            output: 'true'
            project: PSM
          identifier: ocid1.bucket.oc1..<unique_ID>
          identityContext: {}
          lifecycleState: active
          resourceType: Bucket
          searchContext: null
          systemTags: {}
          timeCreated: '2023-06-06T04:47:26.574Z'
        - additionalDetails: {}
          availabilityDomain: ''
          compartmentId: ocid1.compartment.oc1..<unique_ID>
          definedTags:
            Oracle-Tags:
              CreatedBy: user@example.com
              CreatedOn: '2023-05-04T08:44:04.406Z'
            cloud-custodian-test:
              mark-for-resize: 'true'
          displayName: test
          freeformTags:
            max_limit: unlimited
            natural: 'false'
          identifier: ocid1.bucket.oc1..<unique_ID>
          identityContext: {}
          lifecycleState: active
          resourceType: Bucket
          searchContext: null
          systemTags: {}
          timeCreated: '2023-05-04T08:44:04.517Z'
        - additionalDetails: {}
          availabilityDomain: ''
          compartmentId: ocid1.compartment.oc1..<unique_ID>
          definedTags:
            Oracle-Tags:
              CreatedBy: user@example.com
              CreatedOn: '2023-04-11T10:01:17.621Z'
            cloud-custodian-test:
              mark-for-resize: 'true'
          displayName: CCBucket
          freeformTags:
            natural: 'false'
            vv_limit: trial
          identifier: ocid1.bucket.oc1..<unique_ID>
          identityContext: {}
          lifecycleState: active
          resourceType: Bucket
          searchContext: null
          systemTags: {}
          timeCreated: '2023-04-11T10:01:17.636Z'
        - additionalDetails: {}
          availabilityDomain: ''
          compartmentId: ocid1.tenancy.oc1..<unique_ID>
          definedTags:
            Oracle-Tags:
              CreatedBy: user@example.com
              CreatedOn: '2023-03-27T05:40:34.825Z'
            cloud-custodian-test:
              mark-for-resize: 'true'
          displayName: jit-chk-bkt
          freeformTags:
            max_limit: unlimited
            natural: 'false'
          identifier: ocid1.bucket.oc1..<unique_ID>
          identityContext: {}
          lifecycleState: active
          resourceType: Bucket
          searchContext: null
          systemTags: {}
          timeCreated: '2023-03-27T05:40:34.846Z'
        - additionalDetails: {}
          availabilityDomain: ''
          compartmentId: ocid1.compartment.oc1..<unique_ID>
          definedTags:
            Oracle-Tags:
              CreatedBy: user@example.com
              CreatedOn: '2023-02-22T07:00:36.275Z'
            cloud-custodian-test:
              mark-for-resize: 'true'
          displayName: TestBucket
          freeformTags:
            cloud_custodian: 'true'
            natural: 'false'
            vv_limit: trial
          identifier: ocid1.bucket.oc1..<unique_ID>
          identityContext: {}
          lifecycleState: active
          resourceType: Bucket
          searchContext: null
          systemTags: {}
          timeCreated: '2023-02-22T07:00:36.291Z'
        - additionalDetails: {}
          availabilityDomain: ''
          compartmentId: ocid1.compartment.oc1..<unique_ID>
          definedTags:
            Oracle-Tags:
              CreatedBy: user@example.com
              CreatedOn: '2022-11-16T07:43:51.236Z'
            cloud-custodian-test:
              mark-for-resize: 'true'
          displayName: JMSDemoBucket
          freeformTags:
            cloud_custodian: 'true'
            natural: 'false'
            vv_limit: trial
          identifier: ocid1.bucket.oc1..<unique_ID>
          identityContext: {}
          lifecycleState: active
          resourceType: Bucket
          searchContext: null
          systemTags: {}
          timeCreated: '2022-11-16T07:43:51.244Z'
        - additionalDetails: {}
          availabilityDomain: ''
          compartmentId: ocid1.compartment.oc1..<unique_ID>
          definedTags:
            Oracle-Tags:
              CreatedBy: user@example.com
              CreatedOn: '2022-08-17T06:03:53.010Z'
            cloud-custodian-test:
              mark-for-resize: 'true'
          displayName: SMkit
          freeformTags:
            cloud_custodian: 'true'
            max_limit: unlimited
            natural: 'false'
          identifier: ocid1.bucket.oc1..<unique_ID>
          identityContext: {}
          lifecycleState: active
          resourceType: Bucket
          searchContext: null
          systemTags: {}
          timeCreated: '2022-08-17T06:03:53.044Z'
        - additionalDetails: {}
          availabilityDomain: ''
          compartmentId: ocid1.tenancy.oc1..<unique_ID>
          definedTags:
            Oracle-Tags:
              CreatedBy: user@example.com
              CreatedOn: '2022-02-08T07:12:51.021Z'
            cloud-custodian-test:
              mark-for-resize: 'true'
          displayName: PaaSProvisioning
          freeformTags:
            cloud_custodian: 'true'
            max_limit: unlimited
            natural: 'false'
          identifier: ocid1.bucket.oc1..<unique_ID>
          identityContext: {}
          lifecycleState: active
          resourceType: Bucket
          searchContext: null
          systemTags: {}
          timeCreated: '2022-02-08T07:12:51.040Z'
        - additionalDetails: {}
          availabilityDomain: ''
          compartmentId: ocid1.compartment.oc1..<unique_ID>
          definedTags:
            Oracle-Tags:
              CreatedBy: user@example.com
              CreatedOn: '2021-09-27T06:30:19.610Z'
            cloud-custodian-test:
              mark-for-resize: 'true'
          displayName: psmqa1
          freeformTags:
            cloud_custodian: 'true'
            max_limit: unlimited
            natural: 'false'
          identifier: ocid1.bucket.oc1..<unique_ID>
          identityContext: {}
          lifecycleState: active
          resourceType: Bucket
          searchContext: null
          systemTags: {}
          timeCreated: '2021-09-27T06:30:19.623Z'
    headers:
      content-type:
      - application/json
      date:
      - Fri, 14 Jul 2023 06:04:47 GMT
      transfer-encoding:
      - chunked
      x-content-type-options:
      - nosniff
    status:
      code: 200
      message: OK
- request:
    body: null
    headers: {}
    method: GET
    uri: https://www-proxy.us.oracle.com:80/n
  response:
    body:
      data: idimd1fghobk
    headers:
      access-control-allow-credentials:
      - 'true'
      access-control-allow-methods:
      - POST,PUT,GET,HEAD,DELETE,OPTIONS
      access-control-allow-origin:
      - '*'
      access-control-expose-headers:
      - access-control-allow-credentials,access-control-allow-methods,access-control-allow-origin,content-length,content-type,date,opc-client-info,opc-request-id,x-api-id
      content-length:
      - '14'
      content-type:
      - application/json
      date:
      - Fri, 14 Jul 2023 06:04:47 GMT
      x-api-id:
      - native
    status:
      code: 200
      message: OK
- request:
    body: null
    headers: {}
    method: GET
    uri: https://www-proxy.us.oracle.com:80/n/<namepsace>/b?compartmentId=ocid1.tenancy.oc1..<unique_ID>&fields=tags
  response:
    body:
      data:
      - compartmentId: ocid1.tenancy.oc1..<unique_ID>
        createdBy: ocid1.saml2idp.oc1..<unique_ID>
        definedTags:
          Oracle-Tags:
            CreatedBy: user@example.com
            CreatedOn: '2022-02-08T07:12:51.021Z'
          cloud-custodian-test:
            mark-for-resize: 'true'
        etag: fabd3663-04b7-4cb1-b0f2-4d0f9c086ff9
        freeformTags:
          cloud_custodian: 'true'
          max_limit: unlimited
          natural: 'false'
        name: PaaSProvisioning
        namespace: <namespace>
        timeCreated: '2022-02-08T07:12:51.040Z'
      - compartmentId: ocid1.tenancy.oc1..<unique_ID>
        createdBy: ocid1.saml2idp.oc1..<unique_ID>
        definedTags:
          Oracle-Tags:
            CreatedBy: user@example.com
            CreatedOn: '2023-03-27T05:40:34.825Z'
          cloud-custodian-test:
            mark-for-resize: 'true'
        etag: 5b1a029c-6a25-43fc-bd99-35b40a2f2a2f
        freeformTags:
          max_limit: unlimited
          natural: 'false'
        name: jit-chk-bkt
        namespace: <namespace>
        timeCreated: '2023-03-27T05:40:34.846Z'
    headers:
      access-control-allow-credentials:
      - 'true'
      access-control-allow-methods:
      - POST,PUT,GET,HEAD,DELETE,OPTIONS
      access-control-allow-origin:
      - '*'
      access-control-expose-headers:
      - access-control-allow-credentials,access-control-allow-methods,access-control-allow-origin,content-length,content-type,date,opc-client-info,opc-request-id,x-api-id
      content-length:
      - '1245'
      content-type:
      - application/json
      date:
      - Fri, 14 Jul 2023 06:04:48 GMT
      x-api-id:
      - native
    status:
      code: 200
      message: OK
- request:
    body: null
    headers: {}
    method: GET
    uri: https://www-proxy.us.oracle.com:80/n
  response:
    body:
      data: idimd1fghobk
    headers:
      access-control-allow-credentials:
      - 'true'
      access-control-allow-methods:
      - POST,PUT,GET,HEAD,DELETE,OPTIONS
      access-control-allow-origin:
      - '*'
      access-control-expose-headers:
      - access-control-allow-credentials,access-control-allow-methods,access-control-allow-origin,content-length,content-type,date,opc-client-info,opc-request-id,x-api-id
      content-length:
      - '14'
      content-type:
      - application/json
      date:
      - Fri, 14 Jul 2023 06:04:49 GMT
      x-api-id:
      - native
    status:
      code: 200
      message: OK
- request:
    body: null
    headers: {}
    method: GET
    uri: https://www-proxy.us.oracle.com:80/n/<namepsace>/b?compartmentId=ocid1.compartment.oc1..<unique_ID>&fields=tags
  response:
    body:
      data:
      - compartmentId: ocid1.compartment.oc1..<unique_ID>
        createdBy: ocid1.saml2idp.oc1..<unique_ID>
        definedTags:
          Oracle-Tags:
            CreatedBy: user@example.com
            CreatedOn: '2023-06-06T04:47:26.556Z'
          cloud-custodian-test:
            mark-for-resize: 'true'
        etag: fbada88e-4727-4938-98b2-0bcdf52f3fe4
        freeformTags:
          cloud_custodian: 'true'
          custodian_development: 'true'
          multi_account: 'true'
          output: 'true'
          project: PSM
        name: Test1
        namespace: <namespace>
        timeCreated: '2023-06-06T04:47:26.574Z'
      - compartmentId: ocid1.compartment.oc1..<unique_ID>
        createdBy: ocid1.saml2idp.oc1..<unique_ID>
        definedTags:
          Oracle-Tags:
            CreatedBy: user@example.com
            CreatedOn: '2023-06-06T04:47:34.922Z'
          cloud-custodian-test:
            mark-for-resize: 'true'
          cloud_custodian:
            environment: dev
        etag: 6db4ff78-7a9a-4742-a446-4fa8e4a1a6a5
        freeformTags:
          natural: 'false'
          project: PSM
          vv_limit: trial
        name: Test2
        namespace: <namespace>
        timeCreated: '2023-06-06T04:47:34.936Z'
      - compartmentId: ocid1.compartment.oc1..<unique_ID>
        createdBy: ocid1.user.oc1..<unique_ID>
        definedTags:
          Oracle-Tags:
            CreatedBy: user@example.com
            CreatedOn: '2023-07-14T06:03:27.692Z'
          cloud-custodian-test:
            mark-for-resize: 'true'
        etag: 48b17756-f66c-4e2d-ae41-54ad17957853
        freeformTags:
          Project: CNCF
        name: test_bucket
        namespace: <namespace>
        timeCreated: '2023-07-14T06:03:27.721Z'
    headers:
      access-control-allow-credentials:
      - 'true'
      access-control-allow-methods:
      - POST,PUT,GET,HEAD,DELETE,OPTIONS
      access-control-allow-origin:
      - '*'
      access-control-expose-headers:
      - access-control-allow-credentials,access-control-allow-methods,access-control-allow-origin,content-length,content-type,date,opc-client-info,opc-request-id,x-api-id
      content-length:
      - '1890'
      content-type:
      - application/json
      date:
      - Fri, 14 Jul 2023 06:04:49 GMT
      x-api-id:
      - native
    status:
      code: 200
      message: OK
- request:
    body: null
    headers: {}
    method: GET
    uri: https://www-proxy.us.oracle.com:80/n
  response:
    body:
      data: idimd1fghobk
    headers:
      access-control-allow-credentials:
      - 'true'
      access-control-allow-methods:
      - POST,PUT,GET,HEAD,DELETE,OPTIONS
      access-control-allow-origin:
      - '*'
      access-control-expose-headers:
      - access-control-allow-credentials,access-control-allow-methods,access-control-allow-origin,content-length,content-type,date,opc-client-info,opc-request-id,x-api-id
      content-length:
      - '14'
      content-type:
      - application/json
      date:
      - Fri, 14 Jul 2023 06:04:50 GMT
      x-api-id:
      - native
    status:
      code: 200
      message: OK
- request:
    body: null
    headers: {}
    method: GET
    uri: https://www-proxy.us.oracle.com:80/n/<namepsace>/b?compartmentId=ocid1.compartment.oc1..<unique_ID>&fields=tags
  response:
    body:
      data:
      - compartmentId: ocid1.compartment.oc1..<unique_ID>
        createdBy: ocid1.saml2idp.oc1..<unique_ID>
        definedTags:
          Oracle-Tags:
            CreatedBy: user@example.com
            CreatedOn: '2023-04-11T10:01:17.621Z'
          cloud-custodian-test:
            mark-for-resize: 'true'
        etag: 210242a8-7a16-453c-a254-798e2130e9f3
        freeformTags:
          natural: 'false'
          vv_limit: trial
        name: CCBucket
        namespace: <namespace>
        timeCreated: '2023-04-11T10:01:17.636Z'
      - compartmentId: ocid1.compartment.oc1..<unique_ID>
        createdBy: ocid1.saml2idp.oc1..<unique_ID>
        definedTags:
          Oracle-Tags:
            CreatedBy: user@example.com
            CreatedOn: '2022-11-16T07:43:51.236Z'
          cloud-custodian-test:
            mark-for-resize: 'true'
        etag: 938af359-98e8-42ee-9f69-f4c72a360e6c
        freeformTags:
          cloud_custodian: 'true'
          natural: 'false'
          vv_limit: trial
        name: JMSDemoBucket
        namespace: <namespace>
        timeCreated: '2022-11-16T07:43:51.244Z'
      - compartmentId: ocid1.compartment.oc1..<unique_ID>
        createdBy: ocid1.saml2idp.oc1..<unique_ID>
        definedTags:
          Oracle-Tags:
            CreatedBy: user@example.com
            CreatedOn: '2023-02-22T07:00:36.275Z'
          cloud-custodian-test:
            mark-for-resize: 'true'
        etag: c08246ef-5e2d-447e-855d-83889315a4fc
        freeformTags:
          cloud_custodian: 'true'
          natural: 'false'
          vv_limit: trial
        name: TestBucket
        namespace: <namespace>
        timeCreated: '2023-02-22T07:00:36.291Z'
    headers:
      access-control-allow-credentials:
      - 'true'
      access-control-allow-methods:
      - POST,PUT,GET,HEAD,DELETE,OPTIONS
      access-control-allow-origin:
      - '*'
      access-control-expose-headers:
      - access-control-allow-credentials,access-control-allow-methods,access-control-allow-origin,content-length,content-type,date,opc-client-info,opc-request-id,x-api-id
      content-length:
      - '1873'
      content-type:
      - application/json
      date:
      - Fri, 14 Jul 2023 06:04:50 GMT
      x-api-id:
      - native
    status:
      code: 200
      message: OK
- request:
    body: null
    headers: {}
    method: GET
    uri: https://www-proxy.us.oracle.com:80/n
  response:
    body:
      data: idimd1fghobk
    headers:
      access-control-allow-credentials:
      - 'true'
      access-control-allow-methods:
      - POST,PUT,GET,HEAD,DELETE,OPTIONS
      access-control-allow-origin:
      - '*'
      access-control-expose-headers:
      - access-control-allow-credentials,access-control-allow-methods,access-control-allow-origin,content-length,content-type,date,opc-client-info,opc-request-id,x-api-id
      content-length:
      - '14'
      content-type:
      - application/json
      date:
      - Fri, 14 Jul 2023 06:04:50 GMT
      x-api-id:
      - native
    status:
      code: 200
      message: OK
- request:
    body: null
    headers: {}
    method: GET
    uri: https://www-proxy.us.oracle.com:80/n/<namepsace>/b?compartmentId=ocid1.compartment.oc1..<unique_ID>&fields=tags
  response:
    body:
      data:
      - compartmentId: ocid1.compartment.oc1..<unique_ID>
        createdBy: ocid1.saml2idp.oc1..<unique_ID>
        definedTags:
          Oracle-Tags:
            CreatedBy: user@example.com
            CreatedOn: '2022-08-17T06:03:53.010Z'
          cloud-custodian-test:
            mark-for-resize: 'true'
        etag: 14efbd9a-93d3-4faa-ba18-747161e144c8
        freeformTags:
          cloud_custodian: 'true'
          max_limit: unlimited
          natural: 'false'
        name: SMkit
        namespace: <namespace>
        timeCreated: '2022-08-17T06:03:53.044Z'
    headers:
      access-control-allow-credentials:
      - 'true'
      access-control-allow-methods:
      - POST,PUT,GET,HEAD,DELETE,OPTIONS
      access-control-allow-origin:
      - '*'
      access-control-expose-headers:
      - access-control-allow-credentials,access-control-allow-methods,access-control-allow-origin,content-length,content-type,date,opc-client-info,opc-request-id,x-api-id
      content-length:
      - '633'
      content-type:
      - application/json
      date:
      - Fri, 14 Jul 2023 06:04:50 GMT
      x-api-id:
      - native
    status:
      code: 200
      message: OK
- request:
    body: null
    headers: {}
    method: GET
    uri: https://www-proxy.us.oracle.com:80/n
  response:
    body:
      data: idimd1fghobk
    headers:
      access-control-allow-credentials:
      - 'true'
      access-control-allow-methods:
      - POST,PUT,GET,HEAD,DELETE,OPTIONS
      access-control-allow-origin:
      - '*'
      access-control-expose-headers:
      - access-control-allow-credentials,access-control-allow-methods,access-control-allow-origin,content-length,content-type,date,opc-client-info,opc-request-id,x-api-id
      content-length:
      - '14'
      content-type:
      - application/json
      date:
      - Fri, 14 Jul 2023 06:04:51 GMT
      x-api-id:
      - native
    status:
      code: 200
      message: OK
- request:
    body: null
    headers: {}
    method: GET
    uri: https://www-proxy.us.oracle.com:80/n/<namepsace>/b?compartmentId=ocid1.compartment.oc1..<unique_ID>&fields=tags
  response:
    body:
      data:
      - compartmentId: ocid1.compartment.oc1..<unique_ID>
        createdBy: ocid1.saml2idp.oc1..<unique_ID>
        definedTags:
          Oracle-Tags:
            CreatedBy: user@example.com
            CreatedOn: '2021-09-27T06:30:19.610Z'
          cloud-custodian-test:
            mark-for-resize: 'true'
        etag: 50468db7-9a4a-4fd0-8a1c-835a50622d1c
        freeformTags:
          cloud_custodian: 'true'
          max_limit: unlimited
          natural: 'false'
        name: psmqa1
        namespace: <namespace>
        timeCreated: '2021-09-27T06:30:19.623Z'
    headers:
      access-control-allow-credentials:
      - 'true'
      access-control-allow-methods:
      - POST,PUT,GET,HEAD,DELETE,OPTIONS
      access-control-allow-origin:
      - '*'
      access-control-expose-headers:
      - access-control-allow-credentials,access-control-allow-methods,access-control-allow-origin,content-length,content-type,date,opc-client-info,opc-request-id,x-api-id
      content-length:
      - '650'
      content-type:
      - application/json
      date:
      - Fri, 14 Jul 2023 06:04:51 GMT
      x-api-id:
      - native
    status:
      code: 200
      message: OK
- request:
    body: null
    headers: {}
    method: GET
    uri: https://www-proxy.us.oracle.com:80/n
  response:
    body:
      data: idimd1fghobk
    headers:
      access-control-allow-credentials:
      - 'true'
      access-control-allow-methods:
      - POST,PUT,GET,HEAD,DELETE,OPTIONS
      access-control-allow-origin:
      - '*'
      access-control-expose-headers:
      - access-control-allow-credentials,access-control-allow-methods,access-control-allow-origin,content-length,content-type,date,opc-client-info,opc-request-id,x-api-id
      content-length:
      - '14'
      content-type:
      - application/json
      date:
      - Fri, 14 Jul 2023 06:04:52 GMT
      x-api-id:
      - native
    status:
      code: 200
      message: OK
- request:
    body: null
    headers: {}
    method: GET
    uri: https://www-proxy.us.oracle.com:80/n/<namepsace>/b?compartmentId=ocid1.compartment.oc1..<unique_ID>&fields=tags
  response:
    body:
      data:
      - compartmentId: ocid1.compartment.oc1..<unique_ID>
        createdBy: ocid1.saml2idp.oc1..<unique_ID>
        definedTags:
          Oracle-Tags:
            CreatedBy: user@example.com
            CreatedOn: '2023-05-04T08:44:04.406Z'
          cloud-custodian-test:
            mark-for-resize: 'true'
        etag: c2030e9f-f7c4-49ab-a82f-6b4302577dbb
        freeformTags:
          max_limit: unlimited
          natural: 'false'
        name: test
        namespace: <namespace>
        timeCreated: '2023-05-04T08:44:04.517Z'
    headers:
      access-control-allow-credentials:
      - 'true'
      access-control-allow-methods:
      - POST,PUT,GET,HEAD,DELETE,OPTIONS
      access-control-allow-origin:
      - '*'
      access-control-expose-headers:
      - access-control-allow-credentials,access-control-allow-methods,access-control-allow-origin,content-length,content-type,date,opc-client-info,opc-request-id,x-api-id
      content-length:
      - '597'
      content-type:
      - application/json
      date:
      - Fri, 14 Jul 2023 06:04:52 GMT
      x-api-id:
      - native
    status:
      code: 200
      message: OK
- request:
    body: mock_body
    headers: {}
    method: POST
    uri: https://www-proxy.us.oracle.com:80/n/<namepsace>/b/test_bucket
  response:
    body:
      data:
        approximateCount: null
        approximateSize: null
        approximateSizeMultipartUploads: null
        autoTiering: Disabled
        compartmentId: ocid1.compartment.oc1..<unique_ID>
        createdBy: ocid1.user.oc1..<unique_ID>
        definedTags:
          Oracle-Tags:
            CreatedBy: user@example.com
            CreatedOn: '2023-07-14T06:03:27.692Z'
          cloud-custodian-test:
            mark-for-resize: 'true'
        etag: 3058065d-491c-4797-a490-964f4a112d77
        freeformTags:
          Project: CNCF
        id: ocid1.bucket.oc1..<unique_ID>
        isReadOnly: false
        kmsKeyId: null
        metadata: {}
        meterFlagSet:
          empty: true
        name: test_bucket
        namespace: <namespace>
        objectEventsEnabled: false
        objectLevelAuditMode: Disabled
        publicAccessType: ObjectRead
        replicationEnabled: false
        storageTier: Standard
        timeCreated: '2023-07-14T06:03:27.721Z'
        versioning: Disabled
    headers:
      access-control-allow-credentials:
      - 'true'
      access-control-allow-methods:
      - POST,PUT,GET,HEAD,DELETE,OPTIONS
      access-control-allow-origin:
      - '*'
      access-control-expose-headers:
      - access-control-allow-credentials,access-control-allow-methods,access-control-allow-origin,content-length,content-type,date,etag,opc-client-info,opc-request-id,x-api-id
      content-length:
      - '1003'
      content-type:
      - application/json
      date:
      - Fri, 14 Jul 2023 06:04:55 GMT
      etag:
      - 3058065d-491c-4797-a490-964f4a112d77
      x-api-id:
      - native
    status:
      code: 200
      message: OK
- request:
    body: null
    headers: {}
    method: GET
    uri: https://www-proxy.us.oracle.com:80/n/<namepsace>/b/test_bucket
  response:
    body:
      data:
        approximateCount: null
        approximateSize: null
        approximateSizeMultipartUploads: null
        autoTiering: null
        compartmentId: ocid1.compartment.oc1..<unique_ID>
        createdBy: ocid1.user.oc1..<unique_ID>
        definedTags:
          Oracle-Tags:
            CreatedBy: user@example.com
            CreatedOn: '2023-07-14T06:03:27.692Z'
          cloud-custodian-test:
            mark-for-resize: 'true'
        etag: 3058065d-491c-4797-a490-964f4a112d77
        freeformTags:
          Project: CNCF
        id: ocid1.bucket.oc1..<unique_ID>
        isReadOnly: false
        kmsKeyId: null
        metadata: {}
        meterFlagSet:
          empty: true
        name: test_bucket
        namespace: <namespace>
        objectEventsEnabled: false
        objectLevelAuditMode: Disabled
        publicAccessType: ObjectRead
        replicationEnabled: false
        storageTier: Standard
        timeCreated: '2023-07-14T06:03:27.721Z'
        versioning: Disabled
    headers:
      access-control-allow-credentials:
      - 'true'
      access-control-allow-methods:
      - POST,PUT,GET,HEAD,DELETE,OPTIONS
      access-control-allow-origin:
      - '*'
      access-control-expose-headers:
      - access-control-allow-credentials,access-control-allow-methods,access-control-allow-origin,cache-control,content-length,content-type,date,etag,opc-client-info,opc-request-id,x-api-id
      cache-control:
      - no-store
      content-length:
      - '997'
      content-type:
      - application/json
      date:
      - Fri, 14 Jul 2023 06:04:56 GMT
      etag:
      - 3058065d-491c-4797-a490-964f4a112d77
      x-api-id:
      - native
    status:
      code: 200
      message: OK
version: 1
