interactions:
- request:
    body: '{}'
    headers:
      Accept:
      - '*/*'
      Accept-Encoding:
      - gzip, deflate
      Connection:
      - keep-alive
      Content-Length:
      - '2'
      Content-Type:
      - application/json
      Host:
      - cam.ap-singapore.tencentcloudapi.com
      User-Agent:
      - python-requests/2.28.1
      X-TC-Action:
      - ListUsers
      X-TC-Region:
      - ap-singapore
      X-TC-Version:
      - '2019-01-16'
    method: POST
    uri: https://cam.ap-singapore.tencentcloudapi.com/
  response:
    body:
      string: "{\"Response\":{\"Data\":[{\"Uin\":100027724164,\"Name\":\"sub-account-1\",\"Uid\":14340007,\"Remark\":\"COS\u56FE\u5E8A\",\"ConsoleLogin\":0,\"PhoneNum\":\"13760490350\",\"CountryCode\":\"86\",\"Email\":\"ritch@qq.com\",\"CreateTime\":\"2022-10-05
        22:40:31\",\"NickName\":\"sub-account-1\"},{\"Uin\":100027755407,\"Name\":\"sub-account-demo\",\"Uid\":14356151,\"Remark\":\"\",\"ConsoleLogin\":1,\"PhoneNum\":\"\",\"CountryCode\":\"86\",\"Email\":\"\",\"CreateTime\":\"2022-10-08
        15:50:07\",\"NickName\":\"sub-account-demo\"}],\"RequestId\":\"34600fa5-2994-436a-b540-401a5c71c490\"}}"
    headers:
      Connection:
      - keep-alive
      Content-Length:
      - '500'
      Content-Type:
      - application/json
      Date:
      - Mon, 10 Oct 2022 09:04:30 GMT
      Server:
      - nginx
    status:
      code: 200
      message: OK
- request:
    body: '{"ResourceList": ["qcs::cam:ap-singapore:uin/100002098531:uin/100027724164",
      "qcs::cam:ap-singapore:uin/100002098531:uin/100027755407"]}'
    headers:
      Accept:
      - '*/*'
      Accept-Encoding:
      - gzip, deflate
      Connection:
      - keep-alive
      Content-Length:
      - '136'
      Content-Type:
      - application/json
      Host:
      - tag.ap-singapore.tencentcloudapi.com
      User-Agent:
      - python-requests/2.28.1
      X-TC-Action:
      - GetResources
      X-TC-Region:
      - ap-singapore
      X-TC-Version:
      - '2018-08-13'
    method: POST
    uri: https://tag.ap-singapore.tencentcloudapi.com/
  response:
    body:
      string: '{"Response":{"PaginationToken":"","ResourceTagMappingList":[{"Resource":"qcs::cam::uin\/100002098531:uin\/100027755407","Tags":[{"TagKey":"usage","TagValue":"temp"}]}],"RequestId":"6aede7e4-7b05-4a8d-b57d-0a04b80ecf6c"}}'
    headers:
      Connection:
      - keep-alive
      Content-Length:
      - '220'
      Content-Type:
      - application/json
      Date:
      - Mon, 10 Oct 2022 09:04:30 GMT
      Server:
      - nginx
    status:
      code: 200
      message: OK
- request:
    body: '{"TargetUin": 100027724164}'
    headers:
      Accept:
      - '*/*'
      Accept-Encoding:
      - gzip, deflate
      Connection:
      - keep-alive
      Content-Length:
      - '27'
      Content-Type:
      - application/json
      Host:
      - cam.ap-singapore.tencentcloudapi.com
      User-Agent:
      - python-requests/2.28.1
      X-TC-Action:
      - ListAccessKeys
      X-TC-Region:
      - ap-singapore
      X-TC-Version:
      - '2019-01-16'
    method: POST
    uri: https://cam.ap-singapore.tencentcloudapi.com/
  response:
    body:
      string: '{"Response":{"AccessKeys":[{"AccessKeyId":"AKIDjHbjcFcjfNs64nGUZQ4RXu52lHXZ4c5Q","Status":"Active","CreateTime":"2022-10-05
        22:40:31"},{"AccessKeyId":"AKID254znZIUcgYDf1PZo2kLjx8e7QMCyb7d","Status":"Active","CreateTime":"2022-10-08
        17:16:14"}],"RequestId":"9713e8c6-1491-49ec-a3b8-16e4298e2a99"}}'
    headers:
      Connection:
      - keep-alive
      Content-Length:
      - '296'
      Content-Type:
      - application/json
      Date:
      - Mon, 10 Oct 2022 09:04:30 GMT
      Server:
      - nginx
    status:
      code: 200
      message: OK
- request:
    body: '{"SecretIdList": ["AKIDjHbjcFcjfNs64nGUZQ4RXu52lHXZ4c5Q", "AKID254znZIUcgYDf1PZo2kLjx8e7QMCyb7d"]}'
    headers:
      Accept:
      - '*/*'
      Accept-Encoding:
      - gzip, deflate
      Connection:
      - keep-alive
      Content-Length:
      - '98'
      Content-Type:
      - application/json
      Host:
      - cam.ap-singapore.tencentcloudapi.com
      User-Agent:
      - python-requests/2.28.1
      X-TC-Action:
      - GetSecurityLastUsed
      X-TC-Region:
      - ap-singapore
      X-TC-Version:
      - '2019-01-16'
    method: POST
    uri: https://cam.ap-singapore.tencentcloudapi.com/
  response:
    body:
      string: '{"Response":{"SecretIdLastUsedRows":[{"SecretId":"AKIDjHbjcFcjfNs64nGUZQ4RXu52lHXZ4c5Q","LastUsedDate":null},{"SecretId":"AKID254znZIUcgYDf1PZo2kLjx8e7QMCyb7d","LastUsedDate":null}],"RequestId":"c731ed03-1c65-48be-b78c-30bda21b02df"}}'
    headers:
      Connection:
      - keep-alive
      Content-Length:
      - '234'
      Content-Type:
      - application/json
      Date:
      - Mon, 10 Oct 2022 09:04:31 GMT
      Server:
      - nginx
    status:
      code: 200
      message: OK
- request:
    body: '{"TargetUin": 100027755407}'
    headers:
      Accept:
      - '*/*'
      Accept-Encoding:
      - gzip, deflate
      Connection:
      - keep-alive
      Content-Length:
      - '27'
      Content-Type:
      - application/json
      Host:
      - cam.ap-singapore.tencentcloudapi.com
      User-Agent:
      - python-requests/2.28.1
      X-TC-Action:
      - ListAccessKeys
      X-TC-Region:
      - ap-singapore
      X-TC-Version:
      - '2019-01-16'
    method: POST
    uri: https://cam.ap-singapore.tencentcloudapi.com/
  response:
    body:
      string: '{"Response":{"AccessKeys":[{"AccessKeyId":"AKIDvxrkVM1Ur5CB4veGi0DDzY2TitlY7Sad","Status":"Active","CreateTime":"2022-10-10
        15:13:17"}],"RequestId":"75c07dab-62dc-4472-837c-0e1884b7562e"}}'
    headers:
      Connection:
      - keep-alive
      Content-Length:
      - '188'
      Content-Type:
      - application/json
      Date:
      - Mon, 10 Oct 2022 09:04:31 GMT
      Server:
      - nginx
    status:
      code: 200
      message: OK
- request:
    body: '{"SecretIdList": ["AKIDvxrkVM1Ur5CB4veGi0DDzY2TitlY7Sad"]}'
    headers:
      Accept:
      - '*/*'
      Accept-Encoding:
      - gzip, deflate
      Connection:
      - keep-alive
      Content-Length:
      - '58'
      Content-Type:
      - application/json
      Host:
      - cam.ap-singapore.tencentcloudapi.com
      User-Agent:
      - python-requests/2.28.1
      X-TC-Action:
      - GetSecurityLastUsed
      X-TC-Region:
      - ap-singapore
      X-TC-Version:
      - '2019-01-16'
    method: POST
    uri: https://cam.ap-singapore.tencentcloudapi.com/
  response:
    body:
      string: '{"Response":{"SecretIdLastUsedRows":[{"SecretId":"AKIDvxrkVM1Ur5CB4veGi0DDzY2TitlY7Sad","LastUsedDate":null}],"RequestId":"cf4f5cb1-8f53-4c06-822c-150ca5c487ae"}}'
    headers:
      Connection:
      - keep-alive
      Content-Length:
      - '162'
      Content-Type:
      - application/json
      Date:
      - Mon, 10 Oct 2022 09:04:31 GMT
      Server:
      - nginx
    status:
      code: 200
      message: OK
version: 1
